M:\tmp\xx\JunkTrain_0.0.8\graphics\cargo-wagon.png
M:\tmp\xx\JunkTrain_0.0.8\graphics\cargo.png
M:\tmp\xx\JunkTrain_0.0.8\graphics\curved-rail-wood
M:\tmp\xx\JunkTrain_0.0.8\graphics\dir.lst
M:\tmp\xx\JunkTrain_0.0.8\graphics\icon_JunkTrain.png
M:\tmp\xx\JunkTrain_0.0.8\graphics\junk-train-icon.png
M:\tmp\xx\JunkTrain_0.0.8\graphics\junk-wagon-icon.png
M:\tmp\xx\JunkTrain_0.0.8\graphics\loco1.png
M:\tmp\xx\JunkTrain_0.0.8\graphics\loco2.png
M:\tmp\xx\JunkTrain_0.0.8\graphics\nothing.png
M:\tmp\xx\JunkTrain_0.0.8\graphics\rails
M:\tmp\xx\JunkTrain_0.0.8\graphics\straight-rail-wood
M:\tmp\xx\JunkTrain_0.0.8\graphics\tech-icon.png
M:\tmp\xx\JunkTrain_0.0.8\graphics\train.png
M:\tmp\xx\JunkTrain_0.0.8\graphics\curved-rail-wood\curved-rail-horizontal-left-bottom-backplates-remnants.png
M:\tmp\xx\JunkTrain_0.0.8\graphics\curved-rail-wood\curved-rail-horizontal-left-bottom-backplates.png
M:\tmp\xx\JunkTrain_0.0.8\graphics\curved-rail-wood\curved-rail-horizontal-left-bottom-metals-remnants.png
M:\tmp\xx\JunkTrain_0.0.8\graphics\curved-rail-wood\curved-rail-horizontal-left-bottom-metals.png
M:\tmp\xx\JunkTrain_0.0.8\graphics\curved-rail-wood\curved-rail-horizontal-left-bottom-stone-path-background-remnants.png
M:\tmp\xx\JunkTrain_0.0.8\graphics\curved-rail-wood\curved-rail-horizontal-left-bottom-stone-path-background.png
M:\tmp\xx\JunkTrain_0.0.8\graphics\curved-rail-wood\curved-rail-horizontal-left-bottom-stone-path-remnants.png
M:\tmp\xx\JunkTrain_0.0.8\graphics\curved-rail-wood\curved-rail-horizontal-left-bottom-stone-path.png
M:\tmp\xx\JunkTrain_0.0.8\graphics\curved-rail-wood\curved-rail-horizontal-left-bottom-ties-remnants.png
M:\tmp\xx\JunkTrain_0.0.8\graphics\curved-rail-wood\curved-rail-horizontal-left-bottom-ties.png
M:\tmp\xx\JunkTrain_0.0.8\graphics\curved-rail-wood\curved-rail-horizontal-left-top-backplates-remnants.png
M:\tmp\xx\JunkTrain_0.0.8\graphics\curved-rail-wood\curved-rail-horizontal-left-top-backplates.png
M:\tmp\xx\JunkTrain_0.0.8\graphics\curved-rail-wood\curved-rail-horizontal-left-top-metals-remnants.png
M:\tmp\xx\JunkTrain_0.0.8\graphics\curved-rail-wood\curved-rail-horizontal-left-top-metals.png
M:\tmp\xx\JunkTrain_0.0.8\graphics\curved-rail-wood\curved-rail-horizontal-left-top-stone-path-background-remnants.png
M:\tmp\xx\JunkTrain_0.0.8\graphics\curved-rail-wood\curved-rail-horizontal-left-top-stone-path-background.png
M:\tmp\xx\JunkTrain_0.0.8\graphics\curved-rail-wood\curved-rail-horizontal-left-top-stone-path-remnants.png
M:\tmp\xx\JunkTrain_0.0.8\graphics\curved-rail-wood\curved-rail-horizontal-left-top-stone-path.png
M:\tmp\xx\JunkTrain_0.0.8\graphics\curved-rail-wood\curved-rail-horizontal-left-top-ties-remnants.png
M:\tmp\xx\JunkTrain_0.0.8\graphics\curved-rail-wood\curved-rail-horizontal-left-top-ties.png
M:\tmp\xx\JunkTrain_0.0.8\graphics\curved-rail-wood\curved-rail-horizontal-right-bottom-backplates-remnants.png
M:\tmp\xx\JunkTrain_0.0.8\graphics\curved-rail-wood\curved-rail-horizontal-right-bottom-backplates.png
M:\tmp\xx\JunkTrain_0.0.8\graphics\curved-rail-wood\curved-rail-horizontal-right-bottom-metals-remnants.png
M:\tmp\xx\JunkTrain_0.0.8\graphics\curved-rail-wood\curved-rail-horizontal-right-bottom-metals.png
M:\tmp\xx\JunkTrain_0.0.8\graphics\curved-rail-wood\curved-rail-horizontal-right-bottom-stone-path-background-remnants.png
M:\tmp\xx\JunkTrain_0.0.8\graphics\curved-rail-wood\curved-rail-horizontal-right-bottom-stone-path-background.png
M:\tmp\xx\JunkTrain_0.0.8\graphics\curved-rail-wood\curved-rail-horizontal-right-bottom-stone-path-remnants.png
M:\tmp\xx\JunkTrain_0.0.8\graphics\curved-rail-wood\curved-rail-horizontal-right-bottom-stone-path.png
M:\tmp\xx\JunkTrain_0.0.8\graphics\curved-rail-wood\curved-rail-horizontal-right-bottom-ties-remnants.png
M:\tmp\xx\JunkTrain_0.0.8\graphics\curved-rail-wood\curved-rail-horizontal-right-bottom-ties.png
M:\tmp\xx\JunkTrain_0.0.8\graphics\curved-rail-wood\curved-rail-horizontal-right-top-backplates-remnants.png
M:\tmp\xx\JunkTrain_0.0.8\graphics\curved-rail-wood\curved-rail-horizontal-right-top-backplates.png
M:\tmp\xx\JunkTrain_0.0.8\graphics\curved-rail-wood\curved-rail-horizontal-right-top-metals-remnants.png
M:\tmp\xx\JunkTrain_0.0.8\graphics\curved-rail-wood\curved-rail-horizontal-right-top-metals.png
M:\tmp\xx\JunkTrain_0.0.8\graphics\curved-rail-wood\curved-rail-horizontal-right-top-stone-path-background-remnants.png
M:\tmp\xx\JunkTrain_0.0.8\graphics\curved-rail-wood\curved-rail-horizontal-right-top-stone-path-background.png
M:\tmp\xx\JunkTrain_0.0.8\graphics\curved-rail-wood\curved-rail-horizontal-right-top-stone-path-remnants.png
M:\tmp\xx\JunkTrain_0.0.8\graphics\curved-rail-wood\curved-rail-horizontal-right-top-stone-path.png
M:\tmp\xx\JunkTrain_0.0.8\graphics\curved-rail-wood\curved-rail-horizontal-right-top-ties-remnants.png
M:\tmp\xx\JunkTrain_0.0.8\graphics\curved-rail-wood\curved-rail-horizontal-right-top-ties.png
M:\tmp\xx\JunkTrain_0.0.8\graphics\curved-rail-wood\curved-rail-vertical-left-bottom-backplates-remnants.png
M:\tmp\xx\JunkTrain_0.0.8\graphics\curved-rail-wood\curved-rail-vertical-left-bottom-backplates.png
M:\tmp\xx\JunkTrain_0.0.8\graphics\curved-rail-wood\curved-rail-vertical-left-bottom-metals-remnants.png
M:\tmp\xx\JunkTrain_0.0.8\graphics\curved-rail-wood\curved-rail-vertical-left-bottom-metals.png
M:\tmp\xx\JunkTrain_0.0.8\graphics\curved-rail-wood\curved-rail-vertical-left-bottom-stone-path-background-remnants.png
M:\tmp\xx\JunkTrain_0.0.8\graphics\curved-rail-wood\curved-rail-vertical-left-bottom-stone-path-background.png
M:\tmp\xx\JunkTrain_0.0.8\graphics\curved-rail-wood\curved-rail-vertical-left-bottom-stone-path-remnants.png
M:\tmp\xx\JunkTrain_0.0.8\graphics\curved-rail-wood\curved-rail-vertical-left-bottom-stone-path.png
M:\tmp\xx\JunkTrain_0.0.8\graphics\curved-rail-wood\curved-rail-vertical-left-bottom-ties-remnants.png
M:\tmp\xx\JunkTrain_0.0.8\graphics\curved-rail-wood\curved-rail-vertical-left-bottom-ties.png
M:\tmp\xx\JunkTrain_0.0.8\graphics\curved-rail-wood\curved-rail-vertical-left-top-backplates-remnants.png
M:\tmp\xx\JunkTrain_0.0.8\graphics\curved-rail-wood\curved-rail-vertical-left-top-backplates.png
M:\tmp\xx\JunkTrain_0.0.8\graphics\curved-rail-wood\curved-rail-vertical-left-top-metals-remnants.png
M:\tmp\xx\JunkTrain_0.0.8\graphics\curved-rail-wood\curved-rail-vertical-left-top-metals.png
M:\tmp\xx\JunkTrain_0.0.8\graphics\curved-rail-wood\curved-rail-vertical-left-top-stone-path-background-remnants.png
M:\tmp\xx\JunkTrain_0.0.8\graphics\curved-rail-wood\curved-rail-vertical-left-top-stone-path-background.png
M:\tmp\xx\JunkTrain_0.0.8\graphics\curved-rail-wood\curved-rail-vertical-left-top-stone-path-remnants.png
M:\tmp\xx\JunkTrain_0.0.8\graphics\curved-rail-wood\curved-rail-vertical-left-top-stone-path.png
M:\tmp\xx\JunkTrain_0.0.8\graphics\curved-rail-wood\curved-rail-vertical-left-top-ties-remnants.png
M:\tmp\xx\JunkTrain_0.0.8\graphics\curved-rail-wood\curved-rail-vertical-left-top-ties.png
M:\tmp\xx\JunkTrain_0.0.8\graphics\curved-rail-wood\curved-rail-vertical-right-bottom-backplates-remnants.png
M:\tmp\xx\JunkTrain_0.0.8\graphics\curved-rail-wood\curved-rail-vertical-right-bottom-backplates.png
M:\tmp\xx\JunkTrain_0.0.8\graphics\curved-rail-wood\curved-rail-vertical-right-bottom-metals-remnants.png
M:\tmp\xx\JunkTrain_0.0.8\graphics\curved-rail-wood\curved-rail-vertical-right-bottom-metals.png
M:\tmp\xx\JunkTrain_0.0.8\graphics\curved-rail-wood\curved-rail-vertical-right-bottom-stone-path-background-remnants.png
M:\tmp\xx\JunkTrain_0.0.8\graphics\curved-rail-wood\curved-rail-vertical-right-bottom-stone-path-background.png
M:\tmp\xx\JunkTrain_0.0.8\graphics\curved-rail-wood\curved-rail-vertical-right-bottom-stone-path-remnants.png
M:\tmp\xx\JunkTrain_0.0.8\graphics\curved-rail-wood\curved-rail-vertical-right-bottom-stone-path.png
M:\tmp\xx\JunkTrain_0.0.8\graphics\curved-rail-wood\curved-rail-vertical-right-bottom-ties-remnants.png
M:\tmp\xx\JunkTrain_0.0.8\graphics\curved-rail-wood\curved-rail-vertical-right-bottom-ties.png
M:\tmp\xx\JunkTrain_0.0.8\graphics\curved-rail-wood\curved-rail-vertical-right-top-backplates-remnants.png
M:\tmp\xx\JunkTrain_0.0.8\graphics\curved-rail-wood\curved-rail-vertical-right-top-backplates.png
M:\tmp\xx\JunkTrain_0.0.8\graphics\curved-rail-wood\curved-rail-vertical-right-top-metals-remnants.png
M:\tmp\xx\JunkTrain_0.0.8\graphics\curved-rail-wood\curved-rail-vertical-right-top-metals.png
M:\tmp\xx\JunkTrain_0.0.8\graphics\curved-rail-wood\curved-rail-vertical-right-top-stone-path-background-remnants.png
M:\tmp\xx\JunkTrain_0.0.8\graphics\curved-rail-wood\curved-rail-vertical-right-top-stone-path-background.png
M:\tmp\xx\JunkTrain_0.0.8\graphics\curved-rail-wood\curved-rail-vertical-right-top-stone-path-remnants.png
M:\tmp\xx\JunkTrain_0.0.8\graphics\curved-rail-wood\curved-rail-vertical-right-top-stone-path.png
M:\tmp\xx\JunkTrain_0.0.8\graphics\curved-rail-wood\curved-rail-vertical-right-top-ties-remnants.png
M:\tmp\xx\JunkTrain_0.0.8\graphics\curved-rail-wood\curved-rail-vertical-right-top-ties.png
M:\tmp\xx\JunkTrain_0.0.8\graphics\curved-rail-wood\hr-curved-rail-horizontal-left-bottom-backplates-remnants.png
M:\tmp\xx\JunkTrain_0.0.8\graphics\curved-rail-wood\hr-curved-rail-horizontal-left-bottom-backplates.png
M:\tmp\xx\JunkTrain_0.0.8\graphics\curved-rail-wood\hr-curved-rail-horizontal-left-bottom-metals-remnants.png
M:\tmp\xx\JunkTrain_0.0.8\graphics\curved-rail-wood\hr-curved-rail-horizontal-left-bottom-metals.png
M:\tmp\xx\JunkTrain_0.0.8\graphics\curved-rail-wood\hr-curved-rail-horizontal-left-bottom-stone-path-background-remnants.png
M:\tmp\xx\JunkTrain_0.0.8\graphics\curved-rail-wood\hr-curved-rail-horizontal-left-bottom-stone-path-background.png
M:\tmp\xx\JunkTrain_0.0.8\graphics\curved-rail-wood\hr-curved-rail-horizontal-left-bottom-stone-path-remnants.png
M:\tmp\xx\JunkTrain_0.0.8\graphics\curved-rail-wood\hr-curved-rail-horizontal-left-bottom-stone-path.png
M:\tmp\xx\JunkTrain_0.0.8\graphics\curved-rail-wood\hr-curved-rail-horizontal-left-bottom-ties-remnants.png
M:\tmp\xx\JunkTrain_0.0.8\graphics\curved-rail-wood\hr-curved-rail-horizontal-left-bottom-ties.png
M:\tmp\xx\JunkTrain_0.0.8\graphics\curved-rail-wood\hr-curved-rail-horizontal-left-top-backplates-remnants.png
M:\tmp\xx\JunkTrain_0.0.8\graphics\curved-rail-wood\hr-curved-rail-horizontal-left-top-backplates.png
M:\tmp\xx\JunkTrain_0.0.8\graphics\curved-rail-wood\hr-curved-rail-horizontal-left-top-metals-remnants.png
M:\tmp\xx\JunkTrain_0.0.8\graphics\curved-rail-wood\hr-curved-rail-horizontal-left-top-metals.png
M:\tmp\xx\JunkTrain_0.0.8\graphics\curved-rail-wood\hr-curved-rail-horizontal-left-top-stone-path-background-remnants.png
M:\tmp\xx\JunkTrain_0.0.8\graphics\curved-rail-wood\hr-curved-rail-horizontal-left-top-stone-path-background.png
M:\tmp\xx\JunkTrain_0.0.8\graphics\curved-rail-wood\hr-curved-rail-horizontal-left-top-stone-path-remnants.png
M:\tmp\xx\JunkTrain_0.0.8\graphics\curved-rail-wood\hr-curved-rail-horizontal-left-top-stone-path.png
M:\tmp\xx\JunkTrain_0.0.8\graphics\curved-rail-wood\hr-curved-rail-horizontal-left-top-ties-remnants.png
M:\tmp\xx\JunkTrain_0.0.8\graphics\curved-rail-wood\hr-curved-rail-horizontal-left-top-ties.png
M:\tmp\xx\JunkTrain_0.0.8\graphics\curved-rail-wood\hr-curved-rail-horizontal-right-bottom-backplates-remnants.png
M:\tmp\xx\JunkTrain_0.0.8\graphics\curved-rail-wood\hr-curved-rail-horizontal-right-bottom-backplates.png
M:\tmp\xx\JunkTrain_0.0.8\graphics\curved-rail-wood\hr-curved-rail-horizontal-right-bottom-metals-remnants.png
M:\tmp\xx\JunkTrain_0.0.8\graphics\curved-rail-wood\hr-curved-rail-horizontal-right-bottom-metals.png
M:\tmp\xx\JunkTrain_0.0.8\graphics\curved-rail-wood\hr-curved-rail-horizontal-right-bottom-stone-path-background-remnants.png
M:\tmp\xx\JunkTrain_0.0.8\graphics\curved-rail-wood\hr-curved-rail-horizontal-right-bottom-stone-path-background.png
M:\tmp\xx\JunkTrain_0.0.8\graphics\curved-rail-wood\hr-curved-rail-horizontal-right-bottom-stone-path-remnants.png
M:\tmp\xx\JunkTrain_0.0.8\graphics\curved-rail-wood\hr-curved-rail-horizontal-right-bottom-stone-path.png
M:\tmp\xx\JunkTrain_0.0.8\graphics\curved-rail-wood\hr-curved-rail-horizontal-right-bottom-ties-remnants.png
M:\tmp\xx\JunkTrain_0.0.8\graphics\curved-rail-wood\hr-curved-rail-horizontal-right-bottom-ties.png
M:\tmp\xx\JunkTrain_0.0.8\graphics\curved-rail-wood\hr-curved-rail-horizontal-right-top-backplates-remnants.png
M:\tmp\xx\JunkTrain_0.0.8\graphics\curved-rail-wood\hr-curved-rail-horizontal-right-top-backplates.png
M:\tmp\xx\JunkTrain_0.0.8\graphics\curved-rail-wood\hr-curved-rail-horizontal-right-top-metals-remnants.png
M:\tmp\xx\JunkTrain_0.0.8\graphics\curved-rail-wood\hr-curved-rail-horizontal-right-top-metals.png
M:\tmp\xx\JunkTrain_0.0.8\graphics\curved-rail-wood\hr-curved-rail-horizontal-right-top-stone-path-background-remnants.png
M:\tmp\xx\JunkTrain_0.0.8\graphics\curved-rail-wood\hr-curved-rail-horizontal-right-top-stone-path-background.png
M:\tmp\xx\JunkTrain_0.0.8\graphics\curved-rail-wood\hr-curved-rail-horizontal-right-top-stone-path-remnants.png
M:\tmp\xx\JunkTrain_0.0.8\graphics\curved-rail-wood\hr-curved-rail-horizontal-right-top-stone-path.png
M:\tmp\xx\JunkTrain_0.0.8\graphics\curved-rail-wood\hr-curved-rail-horizontal-right-top-ties-remnants.png
M:\tmp\xx\JunkTrain_0.0.8\graphics\curved-rail-wood\hr-curved-rail-horizontal-right-top-ties.png
M:\tmp\xx\JunkTrain_0.0.8\graphics\curved-rail-wood\hr-curved-rail-vertical-left-bottom-backplates-remnants.png
M:\tmp\xx\JunkTrain_0.0.8\graphics\curved-rail-wood\hr-curved-rail-vertical-left-bottom-backplates.png
M:\tmp\xx\JunkTrain_0.0.8\graphics\curved-rail-wood\hr-curved-rail-vertical-left-bottom-metals-remnants.png
M:\tmp\xx\JunkTrain_0.0.8\graphics\curved-rail-wood\hr-curved-rail-vertical-left-bottom-metals.png
M:\tmp\xx\JunkTrain_0.0.8\graphics\curved-rail-wood\hr-curved-rail-vertical-left-bottom-stone-path-background-remnants.png
M:\tmp\xx\JunkTrain_0.0.8\graphics\curved-rail-wood\hr-curved-rail-vertical-left-bottom-stone-path-background.png
M:\tmp\xx\JunkTrain_0.0.8\graphics\curved-rail-wood\hr-curved-rail-vertical-left-bottom-stone-path-remnants.png
M:\tmp\xx\JunkTrain_0.0.8\graphics\curved-rail-wood\hr-curved-rail-vertical-left-bottom-stone-path.png
M:\tmp\xx\JunkTrain_0.0.8\graphics\curved-rail-wood\hr-curved-rail-vertical-left-bottom-ties-remnants.png
M:\tmp\xx\JunkTrain_0.0.8\graphics\curved-rail-wood\hr-curved-rail-vertical-left-bottom-ties.png
M:\tmp\xx\JunkTrain_0.0.8\graphics\curved-rail-wood\hr-curved-rail-vertical-left-top-backplates-remnants.png
M:\tmp\xx\JunkTrain_0.0.8\graphics\curved-rail-wood\hr-curved-rail-vertical-left-top-backplates.png
M:\tmp\xx\JunkTrain_0.0.8\graphics\curved-rail-wood\hr-curved-rail-vertical-left-top-metals-remnants.png
M:\tmp\xx\JunkTrain_0.0.8\graphics\curved-rail-wood\hr-curved-rail-vertical-left-top-metals.png
M:\tmp\xx\JunkTrain_0.0.8\graphics\curved-rail-wood\hr-curved-rail-vertical-left-top-stone-path-background-remnants.png
M:\tmp\xx\JunkTrain_0.0.8\graphics\curved-rail-wood\hr-curved-rail-vertical-left-top-stone-path-background.png
M:\tmp\xx\JunkTrain_0.0.8\graphics\curved-rail-wood\hr-curved-rail-vertical-left-top-stone-path-remnants.png
M:\tmp\xx\JunkTrain_0.0.8\graphics\curved-rail-wood\hr-curved-rail-vertical-left-top-stone-path.png
M:\tmp\xx\JunkTrain_0.0.8\graphics\curved-rail-wood\hr-curved-rail-vertical-left-top-ties-remnants.png
M:\tmp\xx\JunkTrain_0.0.8\graphics\curved-rail-wood\hr-curved-rail-vertical-left-top-ties.png
M:\tmp\xx\JunkTrain_0.0.8\graphics\curved-rail-wood\hr-curved-rail-vertical-right-bottom-backplates-remnants.png
M:\tmp\xx\JunkTrain_0.0.8\graphics\curved-rail-wood\hr-curved-rail-vertical-right-bottom-backplates.png
M:\tmp\xx\JunkTrain_0.0.8\graphics\curved-rail-wood\hr-curved-rail-vertical-right-bottom-metals-remnants.png
M:\tmp\xx\JunkTrain_0.0.8\graphics\curved-rail-wood\hr-curved-rail-vertical-right-bottom-metals.png
M:\tmp\xx\JunkTrain_0.0.8\graphics\curved-rail-wood\hr-curved-rail-vertical-right-bottom-stone-path-background-remnants.png
M:\tmp\xx\JunkTrain_0.0.8\graphics\curved-rail-wood\hr-curved-rail-vertical-right-bottom-stone-path-background.png
M:\tmp\xx\JunkTrain_0.0.8\graphics\curved-rail-wood\hr-curved-rail-vertical-right-bottom-stone-path-remnants.png
M:\tmp\xx\JunkTrain_0.0.8\graphics\curved-rail-wood\hr-curved-rail-vertical-right-bottom-stone-path.png
M:\tmp\xx\JunkTrain_0.0.8\graphics\curved-rail-wood\hr-curved-rail-vertical-right-bottom-ties-remnants.png
M:\tmp\xx\JunkTrain_0.0.8\graphics\curved-rail-wood\hr-curved-rail-vertical-right-bottom-ties.png
M:\tmp\xx\JunkTrain_0.0.8\graphics\curved-rail-wood\hr-curved-rail-vertical-right-top-backplates-remnants.png
M:\tmp\xx\JunkTrain_0.0.8\graphics\curved-rail-wood\hr-curved-rail-vertical-right-top-backplates.png
M:\tmp\xx\JunkTrain_0.0.8\graphics\curved-rail-wood\hr-curved-rail-vertical-right-top-metals-remnants.png
M:\tmp\xx\JunkTrain_0.0.8\graphics\curved-rail-wood\hr-curved-rail-vertical-right-top-metals.png
M:\tmp\xx\JunkTrain_0.0.8\graphics\curved-rail-wood\hr-curved-rail-vertical-right-top-stone-path-background-remnants.png
M:\tmp\xx\JunkTrain_0.0.8\graphics\curved-rail-wood\hr-curved-rail-vertical-right-top-stone-path-background.png
M:\tmp\xx\JunkTrain_0.0.8\graphics\curved-rail-wood\hr-curved-rail-vertical-right-top-stone-path-remnants.png
M:\tmp\xx\JunkTrain_0.0.8\graphics\curved-rail-wood\hr-curved-rail-vertical-right-top-stone-path.png
M:\tmp\xx\JunkTrain_0.0.8\graphics\curved-rail-wood\hr-curved-rail-vertical-right-top-ties-remnants.png
M:\tmp\xx\JunkTrain_0.0.8\graphics\curved-rail-wood\hr-curved-rail-vertical-right-top-ties.png
M:\tmp\xx\JunkTrain_0.0.8\graphics\straight-rail-wood\hr-straight-rail-diagonal-left-bottom-backplates-remnants.png
M:\tmp\xx\JunkTrain_0.0.8\graphics\straight-rail-wood\hr-straight-rail-diagonal-left-bottom-backplates.png
M:\tmp\xx\JunkTrain_0.0.8\graphics\straight-rail-wood\hr-straight-rail-diagonal-left-bottom-metals-remnants.png
M:\tmp\xx\JunkTrain_0.0.8\graphics\straight-rail-wood\hr-straight-rail-diagonal-left-bottom-metals.png
M:\tmp\xx\JunkTrain_0.0.8\graphics\straight-rail-wood\hr-straight-rail-diagonal-left-bottom-stone-path-background-remnants.png
M:\tmp\xx\JunkTrain_0.0.8\graphics\straight-rail-wood\hr-straight-rail-diagonal-left-bottom-stone-path-background.png
M:\tmp\xx\JunkTrain_0.0.8\graphics\straight-rail-wood\hr-straight-rail-diagonal-left-bottom-stone-path-remnants.png
M:\tmp\xx\JunkTrain_0.0.8\graphics\straight-rail-wood\hr-straight-rail-diagonal-left-bottom-stone-path.png
M:\tmp\xx\JunkTrain_0.0.8\graphics\straight-rail-wood\hr-straight-rail-diagonal-left-bottom-ties-remnants.png
M:\tmp\xx\JunkTrain_0.0.8\graphics\straight-rail-wood\hr-straight-rail-diagonal-left-bottom-ties.png
M:\tmp\xx\JunkTrain_0.0.8\graphics\straight-rail-wood\hr-straight-rail-diagonal-left-top-backplates-remnants.png
M:\tmp\xx\JunkTrain_0.0.8\graphics\straight-rail-wood\hr-straight-rail-diagonal-left-top-backplates.png
M:\tmp\xx\JunkTrain_0.0.8\graphics\straight-rail-wood\hr-straight-rail-diagonal-left-top-metals-remnants.png
M:\tmp\xx\JunkTrain_0.0.8\graphics\straight-rail-wood\hr-straight-rail-diagonal-left-top-metals.png
M:\tmp\xx\JunkTrain_0.0.8\graphics\straight-rail-wood\hr-straight-rail-diagonal-left-top-stone-path-background-remnants.png
M:\tmp\xx\JunkTrain_0.0.8\graphics\straight-rail-wood\hr-straight-rail-diagonal-left-top-stone-path-background.png
M:\tmp\xx\JunkTrain_0.0.8\graphics\straight-rail-wood\hr-straight-rail-diagonal-left-top-stone-path-remnants.png
M:\tmp\xx\JunkTrain_0.0.8\graphics\straight-rail-wood\hr-straight-rail-diagonal-left-top-stone-path.png
M:\tmp\xx\JunkTrain_0.0.8\graphics\straight-rail-wood\hr-straight-rail-diagonal-left-top-ties-remnants.png
M:\tmp\xx\JunkTrain_0.0.8\graphics\straight-rail-wood\hr-straight-rail-diagonal-left-top-ties.png
M:\tmp\xx\JunkTrain_0.0.8\graphics\straight-rail-wood\hr-straight-rail-diagonal-right-bottom-backplates-remnants.png
M:\tmp\xx\JunkTrain_0.0.8\graphics\straight-rail-wood\hr-straight-rail-diagonal-right-bottom-backplates.png
M:\tmp\xx\JunkTrain_0.0.8\graphics\straight-rail-wood\hr-straight-rail-diagonal-right-bottom-metals-remnants.png
M:\tmp\xx\JunkTrain_0.0.8\graphics\straight-rail-wood\hr-straight-rail-diagonal-right-bottom-metals.png
M:\tmp\xx\JunkTrain_0.0.8\graphics\straight-rail-wood\hr-straight-rail-diagonal-right-bottom-stone-path-background-remnants.png
M:\tmp\xx\JunkTrain_0.0.8\graphics\straight-rail-wood\hr-straight-rail-diagonal-right-bottom-stone-path-background.png
M:\tmp\xx\JunkTrain_0.0.8\graphics\straight-rail-wood\hr-straight-rail-diagonal-right-bottom-stone-path-remnants.png
M:\tmp\xx\JunkTrain_0.0.8\graphics\straight-rail-wood\hr-straight-rail-diagonal-right-bottom-stone-path.png
M:\tmp\xx\JunkTrain_0.0.8\graphics\straight-rail-wood\hr-straight-rail-diagonal-right-bottom-ties-remnants.png
M:\tmp\xx\JunkTrain_0.0.8\graphics\straight-rail-wood\hr-straight-rail-diagonal-right-bottom-ties.png
M:\tmp\xx\JunkTrain_0.0.8\graphics\straight-rail-wood\hr-straight-rail-diagonal-right-top-backplates-remnants.png
M:\tmp\xx\JunkTrain_0.0.8\graphics\straight-rail-wood\hr-straight-rail-diagonal-right-top-backplates.png
M:\tmp\xx\JunkTrain_0.0.8\graphics\straight-rail-wood\hr-straight-rail-diagonal-right-top-metals-remnants.png
M:\tmp\xx\JunkTrain_0.0.8\graphics\straight-rail-wood\hr-straight-rail-diagonal-right-top-metals.png
M:\tmp\xx\JunkTrain_0.0.8\graphics\straight-rail-wood\hr-straight-rail-diagonal-right-top-stone-path-background-remnants.png
M:\tmp\xx\JunkTrain_0.0.8\graphics\straight-rail-wood\hr-straight-rail-diagonal-right-top-stone-path-background.png
M:\tmp\xx\JunkTrain_0.0.8\graphics\straight-rail-wood\hr-straight-rail-diagonal-right-top-stone-path-remnants.png
M:\tmp\xx\JunkTrain_0.0.8\graphics\straight-rail-wood\hr-straight-rail-diagonal-right-top-stone-path.png
M:\tmp\xx\JunkTrain_0.0.8\graphics\straight-rail-wood\hr-straight-rail-diagonal-right-top-ties-remnants.png
M:\tmp\xx\JunkTrain_0.0.8\graphics\straight-rail-wood\hr-straight-rail-diagonal-right-top-ties.png
M:\tmp\xx\JunkTrain_0.0.8\graphics\straight-rail-wood\hr-straight-rail-horizontal-backplates-remnants.png
M:\tmp\xx\JunkTrain_0.0.8\graphics\straight-rail-wood\hr-straight-rail-horizontal-backplates.png
M:\tmp\xx\JunkTrain_0.0.8\graphics\straight-rail-wood\hr-straight-rail-horizontal-metals-remnants.png
M:\tmp\xx\JunkTrain_0.0.8\graphics\straight-rail-wood\hr-straight-rail-horizontal-metals.png
M:\tmp\xx\JunkTrain_0.0.8\graphics\straight-rail-wood\hr-straight-rail-horizontal-stone-path-background-remnants.png
M:\tmp\xx\JunkTrain_0.0.8\graphics\straight-rail-wood\hr-straight-rail-horizontal-stone-path-background.png
M:\tmp\xx\JunkTrain_0.0.8\graphics\straight-rail-wood\hr-straight-rail-horizontal-stone-path-remnants.png
M:\tmp\xx\JunkTrain_0.0.8\graphics\straight-rail-wood\hr-straight-rail-horizontal-stone-path.png
M:\tmp\xx\JunkTrain_0.0.8\graphics\straight-rail-wood\hr-straight-rail-horizontal-ties-remnants.png
M:\tmp\xx\JunkTrain_0.0.8\graphics\straight-rail-wood\hr-straight-rail-horizontal-ties.png
M:\tmp\xx\JunkTrain_0.0.8\graphics\straight-rail-wood\hr-straight-rail-vertical-backplates-remnants.png
M:\tmp\xx\JunkTrain_0.0.8\graphics\straight-rail-wood\hr-straight-rail-vertical-backplates.png
M:\tmp\xx\JunkTrain_0.0.8\graphics\straight-rail-wood\hr-straight-rail-vertical-metals-remnants.png
M:\tmp\xx\JunkTrain_0.0.8\graphics\straight-rail-wood\hr-straight-rail-vertical-metals.png
M:\tmp\xx\JunkTrain_0.0.8\graphics\straight-rail-wood\hr-straight-rail-vertical-stone-path-background-remnants.png
M:\tmp\xx\JunkTrain_0.0.8\graphics\straight-rail-wood\hr-straight-rail-vertical-stone-path-background.png
M:\tmp\xx\JunkTrain_0.0.8\graphics\straight-rail-wood\hr-straight-rail-vertical-stone-path-remnants.png
M:\tmp\xx\JunkTrain_0.0.8\graphics\straight-rail-wood\hr-straight-rail-vertical-stone-path.png
M:\tmp\xx\JunkTrain_0.0.8\graphics\straight-rail-wood\hr-straight-rail-vertical-ties-remnants.png
M:\tmp\xx\JunkTrain_0.0.8\graphics\straight-rail-wood\hr-straight-rail-vertical-ties.png
M:\tmp\xx\JunkTrain_0.0.8\graphics\straight-rail-wood\straight-rail-diagonal-left-bottom-backplates-remnants.png
M:\tmp\xx\JunkTrain_0.0.8\graphics\straight-rail-wood\straight-rail-diagonal-left-bottom-backplates.png
M:\tmp\xx\JunkTrain_0.0.8\graphics\straight-rail-wood\straight-rail-diagonal-left-bottom-metals-remnants.png
M:\tmp\xx\JunkTrain_0.0.8\graphics\straight-rail-wood\straight-rail-diagonal-left-bottom-metals.png
M:\tmp\xx\JunkTrain_0.0.8\graphics\straight-rail-wood\straight-rail-diagonal-left-bottom-stone-path-background-remnants.png
M:\tmp\xx\JunkTrain_0.0.8\graphics\straight-rail-wood\straight-rail-diagonal-left-bottom-stone-path-background.png
M:\tmp\xx\JunkTrain_0.0.8\graphics\straight-rail-wood\straight-rail-diagonal-left-bottom-stone-path-remnants.png
M:\tmp\xx\JunkTrain_0.0.8\graphics\straight-rail-wood\straight-rail-diagonal-left-bottom-stone-path.png
M:\tmp\xx\JunkTrain_0.0.8\graphics\straight-rail-wood\straight-rail-diagonal-left-bottom-ties-remnants.png
M:\tmp\xx\JunkTrain_0.0.8\graphics\straight-rail-wood\straight-rail-diagonal-left-bottom-ties.png
M:\tmp\xx\JunkTrain_0.0.8\graphics\straight-rail-wood\straight-rail-diagonal-left-top-backplates-remnants.png
M:\tmp\xx\JunkTrain_0.0.8\graphics\straight-rail-wood\straight-rail-diagonal-left-top-backplates.png
M:\tmp\xx\JunkTrain_0.0.8\graphics\straight-rail-wood\straight-rail-diagonal-left-top-metals-remnants.png
M:\tmp\xx\JunkTrain_0.0.8\graphics\straight-rail-wood\straight-rail-diagonal-left-top-metals.png
M:\tmp\xx\JunkTrain_0.0.8\graphics\straight-rail-wood\straight-rail-diagonal-left-top-stone-path-background-remnants.png
M:\tmp\xx\JunkTrain_0.0.8\graphics\straight-rail-wood\straight-rail-diagonal-left-top-stone-path-background.png
M:\tmp\xx\JunkTrain_0.0.8\graphics\straight-rail-wood\straight-rail-diagonal-left-top-stone-path-remnants.png
M:\tmp\xx\JunkTrain_0.0.8\graphics\straight-rail-wood\straight-rail-diagonal-left-top-stone-path.png
M:\tmp\xx\JunkTrain_0.0.8\graphics\straight-rail-wood\straight-rail-diagonal-left-top-ties-remnants.png
M:\tmp\xx\JunkTrain_0.0.8\graphics\straight-rail-wood\straight-rail-diagonal-left-top-ties.png
M:\tmp\xx\JunkTrain_0.0.8\graphics\straight-rail-wood\straight-rail-diagonal-right-bottom-backplates-remnants.png
M:\tmp\xx\JunkTrain_0.0.8\graphics\straight-rail-wood\straight-rail-diagonal-right-bottom-backplates.png
M:\tmp\xx\JunkTrain_0.0.8\graphics\straight-rail-wood\straight-rail-diagonal-right-bottom-metals-remnants.png
M:\tmp\xx\JunkTrain_0.0.8\graphics\straight-rail-wood\straight-rail-diagonal-right-bottom-metals.png
M:\tmp\xx\JunkTrain_0.0.8\graphics\straight-rail-wood\straight-rail-diagonal-right-bottom-stone-path-background-remnants.png
M:\tmp\xx\JunkTrain_0.0.8\graphics\straight-rail-wood\straight-rail-diagonal-right-bottom-stone-path-background.png
M:\tmp\xx\JunkTrain_0.0.8\graphics\straight-rail-wood\straight-rail-diagonal-right-bottom-stone-path-remnants.png
M:\tmp\xx\JunkTrain_0.0.8\graphics\straight-rail-wood\straight-rail-diagonal-right-bottom-stone-path.png
M:\tmp\xx\JunkTrain_0.0.8\graphics\straight-rail-wood\straight-rail-diagonal-right-bottom-ties-remnants.png
M:\tmp\xx\JunkTrain_0.0.8\graphics\straight-rail-wood\straight-rail-diagonal-right-bottom-ties.png
M:\tmp\xx\JunkTrain_0.0.8\graphics\straight-rail-wood\straight-rail-diagonal-right-top-backplates-remnants.png
M:\tmp\xx\JunkTrain_0.0.8\graphics\straight-rail-wood\straight-rail-diagonal-right-top-backplates.png
M:\tmp\xx\JunkTrain_0.0.8\graphics\straight-rail-wood\straight-rail-diagonal-right-top-metals-remnants.png
M:\tmp\xx\JunkTrain_0.0.8\graphics\straight-rail-wood\straight-rail-diagonal-right-top-metals.png
M:\tmp\xx\JunkTrain_0.0.8\graphics\straight-rail-wood\straight-rail-diagonal-right-top-stone-path-background-remnants.png
M:\tmp\xx\JunkTrain_0.0.8\graphics\straight-rail-wood\straight-rail-diagonal-right-top-stone-path-background.png
M:\tmp\xx\JunkTrain_0.0.8\graphics\straight-rail-wood\straight-rail-diagonal-right-top-stone-path-remnants.png
M:\tmp\xx\JunkTrain_0.0.8\graphics\straight-rail-wood\straight-rail-diagonal-right-top-stone-path.png
M:\tmp\xx\JunkTrain_0.0.8\graphics\straight-rail-wood\straight-rail-diagonal-right-top-ties-remnants.png
M:\tmp\xx\JunkTrain_0.0.8\graphics\straight-rail-wood\straight-rail-diagonal-right-top-ties.png
M:\tmp\xx\JunkTrain_0.0.8\graphics\straight-rail-wood\straight-rail-horizontal-backplates-remnants.png
M:\tmp\xx\JunkTrain_0.0.8\graphics\straight-rail-wood\straight-rail-horizontal-backplates.png
M:\tmp\xx\JunkTrain_0.0.8\graphics\straight-rail-wood\straight-rail-horizontal-metals-remnants.png
M:\tmp\xx\JunkTrain_0.0.8\graphics\straight-rail-wood\straight-rail-horizontal-metals.png
M:\tmp\xx\JunkTrain_0.0.8\graphics\straight-rail-wood\straight-rail-horizontal-stone-path-background-remnants.png
M:\tmp\xx\JunkTrain_0.0.8\graphics\straight-rail-wood\straight-rail-horizontal-stone-path-background.png
M:\tmp\xx\JunkTrain_0.0.8\graphics\straight-rail-wood\straight-rail-horizontal-stone-path-remnants.png
M:\tmp\xx\JunkTrain_0.0.8\graphics\straight-rail-wood\straight-rail-horizontal-stone-path.png
M:\tmp\xx\JunkTrain_0.0.8\graphics\straight-rail-wood\straight-rail-horizontal-ties-remnants.png
M:\tmp\xx\JunkTrain_0.0.8\graphics\straight-rail-wood\straight-rail-horizontal-ties.png
M:\tmp\xx\JunkTrain_0.0.8\graphics\straight-rail-wood\straight-rail-vertical-backplates-remnants.png
M:\tmp\xx\JunkTrain_0.0.8\graphics\straight-rail-wood\straight-rail-vertical-backplates.png
M:\tmp\xx\JunkTrain_0.0.8\graphics\straight-rail-wood\straight-rail-vertical-metals-remnants.png
M:\tmp\xx\JunkTrain_0.0.8\graphics\straight-rail-wood\straight-rail-vertical-metals.png
M:\tmp\xx\JunkTrain_0.0.8\graphics\straight-rail-wood\straight-rail-vertical-stone-path-background-remnants.png
M:\tmp\xx\JunkTrain_0.0.8\graphics\straight-rail-wood\straight-rail-vertical-stone-path-background.png
M:\tmp\xx\JunkTrain_0.0.8\graphics\straight-rail-wood\straight-rail-vertical-stone-path-remnants.png
M:\tmp\xx\JunkTrain_0.0.8\graphics\straight-rail-wood\straight-rail-vertical-stone-path.png
M:\tmp\xx\JunkTrain_0.0.8\graphics\straight-rail-wood\straight-rail-vertical-ties-remnants.png
M:\tmp\xx\JunkTrain_0.0.8\graphics\straight-rail-wood\straight-rail-vertical-ties.png
